2026-09-20 09:26:52,174 | INFO    | pricematcher.main  | starting gui
2026-09-20 09:28:22,364 | INFO    | pricematcher.pdf   | pdf: 16 rows from لیست قیمت شهریور ماه-اصلاحیه-پارس آداک-1405.pdf (ocr pages: 0)
2026-09-20 09:28:22,365 | INFO    | pricematcher.validator | validator(price): {'input': 16, 'dropped_no_price': 0, 'duplicates': 0, 'output': 16}
2026-09-20 09:28:22,638 | INFO    | pricematcher.excel | excel: 2189 rows, mapping={0: 'code', 1: 'name', 2: 'stock'}
2026-09-20 09:28:24,093 | INFO    | pricematcher.validator | validator(stock): {'input': 2189, 'dropped': 0, 'no_stock_value': 0, 'output': 2189}
2026-09-20 09:28:24,095 | INFO    | pricematcher.matcher | index built over 16 price rows
2026-09-20 09:28:24,268 | INFO    | pricematcher.pipeline | pipeline done in 2.29s: {'total': 2189, 'exact': 0, 'high': 0, 'review': 11, 'not_found': 2178, 'matched': 0, 'priced': 11, 'in_stock': 3, 'out_of_stock': 8, 'elapsed': 2.29, 'pdf_rows': 16, 'excel_rows': 2189, 'brand': 'پارس آداک'}
2026-09-20 09:28:24,274 | INFO    | pricematcher.pipeline | batch pipeline done in 2.30s over 1 file(s): priced=11/2189
2026-09-20 09:44:54,014 | INFO    | pricematcher.pdf   | pdf: 16 rows from لیست قیمت شهریور ماه-اصلاحیه-پارس آداک-1405.pdf (ocr pages: 0)
2026-09-20 09:44:54,015 | INFO    | pricematcher.validator | validator(price): {'input': 16, 'dropped_no_price': 0, 'duplicates': 0, 'output': 16}
2026-09-20 09:44:54,105 | INFO    | pricematcher.excel | excel: 2189 rows, mapping={0: 'code', 1: 'name', 2: 'stock'}
2026-09-20 09:44:55,526 | INFO    | pricematcher.validator | validator(stock): {'input': 2189, 'dropped': 0, 'no_stock_value': 0, 'output': 2189}
2026-09-20 09:44:55,528 | INFO    | pricematcher.matcher | index built over 16 price rows
2026-09-20 09:44:55,691 | INFO    | pricematcher.pipeline | pipeline done in 1.70s: {'total': 2189, 'exact': 0, 'high': 0, 'review': 11, 'not_found': 2178, 'matched': 0, 'priced': 11, 'in_stock': 3, 'out_of_stock': 8, 'elapsed': 1.7, 'pdf_rows': 16, 'excel_rows': 2189, 'brand': 'پارس آداک'}
2026-09-20 09:44:55,900 | INFO    | pricematcher.pdf   | pdf: 70 rows from لیست قیمت روشنایی شماره105-23 شهریور ماه 1405 (1).pdf (ocr pages: 0)
2026-09-20 09:44:55,900 | INFO    | pricematcher.validator | validator(price): {'input': 70, 'dropped_no_price': 0, 'duplicates': 2, 'output': 68}
2026-09-20 09:44:55,988 | INFO    | pricematcher.excel | excel: 2189 rows, mapping={0: 'code', 1: 'name', 2: 'stock'}
2026-09-20 09:44:57,409 | INFO    | pricematcher.validator | validator(stock): {'input': 2189, 'dropped': 0, 'no_stock_value': 0, 'output': 2189}
2026-09-20 09:44:57,412 | INFO    | pricematcher.matcher | index built over 68 price rows
2026-09-20 09:44:57,786 | INFO    | pricematcher.pipeline | pipeline done in 2.09s: {'total': 2189, 'exact': 0, 'high': 1, 'review': 47, 'not_found': 2141, 'matched': 1, 'priced': 48, 'in_stock': 34, 'out_of_stock': 14, 'elapsed': 2.09, 'pdf_rows': 68, 'excel_rows': 2189, 'brand': 'بروکس'}
2026-09-20 09:44:57,852 | INFO    | pricematcher.pdf   | pdf: 19 rows from لیست قیمت باتری شماره 75- 11 شهریورماه  1405.pdf (ocr pages: 0)
2026-09-20 09:44:57,852 | INFO    | pricematcher.validator | validator(price): {'input': 19, 'dropped_no_price': 0, 'duplicates': 4, 'output': 15}
2026-09-20 09:44:57,938 | INFO    | pricematcher.excel | excel: 2189 rows, mapping={0: 'code', 1: 'name', 2: 'stock'}
2026-09-20 09:44:59,367 | INFO    | pricematcher.validator | validator(stock): {'input': 2189, 'dropped': 0, 'no_stock_value': 0, 'output': 2189}
2026-09-20 09:44:59,369 | INFO    | pricematcher.matcher | index built over 15 price rows
2026-09-20 09:44:59,519 | INFO    | pricematcher.pipeline | pipeline done in 1.73s: {'total': 2189, 'exact': 0, 'high': 7, 'review': 16, 'not_found': 2166, 'matched': 7, 'priced': 23, 'in_stock': 11, 'out_of_stock': 12, 'elapsed': 1.73, 'pdf_rows': 15, 'excel_rows': 2189, 'brand': 'بروکس'}
2026-09-20 09:44:59,866 | INFO    | pricematcher.pdf   | pdf: 146 rows from FardanPriceList1405-06(1).pdf (ocr pages: 0)
2026-09-20 09:44:59,867 | INFO    | pricematcher.validator | validator(price): {'input': 146, 'dropped_no_price': 0, 'duplicates': 0, 'output': 146}
2026-09-20 09:44:59,954 | INFO    | pricematcher.excel | excel: 2189 rows, mapping={0: 'code', 1: 'name', 2: 'stock'}
2026-09-20 09:45:01,392 | INFO    | pricematcher.validator | validator(stock): {'input': 2189, 'dropped': 0, 'no_stock_value': 0, 'output': 2189}
2026-09-20 09:45:01,399 | INFO    | pricematcher.matcher | index built over 146 price rows
2026-09-20 09:45:02,129 | INFO    | pricematcher.pipeline | pipeline done in 2.60s: {'total': 2189, 'exact': 0, 'high': 16, 'review': 39, 'not_found': 2134, 'matched': 16, 'priced': 55, 'in_stock': 31, 'out_of_stock': 24, 'elapsed': 2.6, 'pdf_rows': 146, 'excel_rows': 2189, 'brand': 'فردان'}
2026-09-20 09:45:02,137 | INFO    | pricematcher.pipeline | batch pipeline done in 8.15s over 4 file(s): priced=127/2189
2026-09-20 09:45:19,348 | INFO    | pricematcher.exporter | excel exported: C:\Users\k.musavi\Downloads\price-match-پارس آداک-بروکس-فردان-20260920-0945.xlsx (2189 rows)
